// Jest Snapshot v1, https://goo.gl/fbAQLP

exports[`Vue Svelte Adapter does not detach DOM nodes on destroy 1`] = `"<div><h1>Hello</h1></div>"`;

exports[`Vue Svelte Adapter renders template 1`] = `"<div><h1>Hello</h1></div>"`;
